#6eda55_0	Percentage	22.7909878508
#000000_0	Percentage	3.40591578217
#00cee6_0	Percentage	27.3746502118
#9b9bd7_0	Percentage	20.8174665564
#218A8C_0	Percentage	11.6023953514
#fbb755_0	Percentage	6.19112728627
#fc7570_0	Percentage	7.70309924565