Admin/Down	Percentage	0.779859221151
Vacant	Percentage	7.94183166029
Occ-NTV	Percentage	8.16464858061
Occ-No NTV	Percentage	83.0470493054