Occupied Units with Lease Expiration Dates > 7 Days in the Past	Data	2073.68421053
Vacant Rented Units with Lease Hold Period > 2 Months	Data	40.0
Any Units with Lease Terms > 25 Months	Data	122.105263158
Occupied, Missing Move-In Date	Data	0.0
Vacant Unrented Units with Lease Dates	Data	101.052631579