Missing or $0 Actual Rent	Data	190.047393365
Missing or $0 Market Rent	Data	6.00315955766