Property Website	Data	9778.59778598
portal	Data	4243.54243542
Apartments.com	Data	3597.78597786
Resident Referral	Data	2029.5202952
RENTCafe.com ILS	Data	1291.51291513
Walk in/Drive By	Data	1199.26199262
BH Website	Data	1180.81180812
Walk-in/Drive-by	Data	1143.91143911
Drive By	Data	1107.01107011
ApartmentGuide.com	Data	1014.7601476