Occupied Units with Lease Expiration Dates > 7 Days in the Past	Data	2091.54929577
Vacant Rented Units with Lease Hold Period > 2 Months	Data	42.2535211268
Any Units with Lease Terms > 25 Months	Data	119.718309859
Occupied, Missing Move-In Date	Data	0.0
Vacant Unrented Units with Lease Dates	Data	98.5915492958