Jul 2016	Total Actual	732274.247492	#6eda55
Jul 2016	Total Budget	748949.04
Aug 2016	Total Actual	772073.578595	#ff8c88
Aug 2016	Total Budget	726762.6
Sep 2016	Total Actual	776755.852843	#ff8c88
Sep 2016	Total Budget	742039.65
Oct 2016	Total Actual	844648.829431	#6eda55
Oct 2016	Total Budget	875529.02
Nov 2016	Total Actual	938294.314381	#ffd801
Nov 2016	Total Budget	936912.64
Dec 2016	Total Actual	1139632.10702	#ff8c88
Dec 2016	Total Budget	1030723.45
Jan 2017	Total Actual	1184113.71237	#6eda55
Jan 2017	Total Budget	1226354.64
Feb 2017	Total Actual	1109197.32441	#6eda55
Feb 2017	Total Budget	1286038.5
Mar 2017	Total Actual	1125585.28428	#6eda55
Mar 2017	Total Budget	1230047.38
Apr 2017	Total Actual	1160702.34114	#ff8c88
Apr 2017	Total Budget	1095759.85
May 2017	Total Actual	1111538.46154	#6eda55
May 2017	Total Budget	1127706.3
Jun 2017	Total Actual	1167725.75251	#6eda55
Jun 2017	Total Budget	1180119.01