<3	Loss to Lease	41.8060200669	#9b9bd7
<3	Avg Actual Rent	1254.18060201	#218a8c
03-06	Loss to Lease	-50.1672240803	#9b9bd7
03-06	Avg Actual Rent	1404.68227425	#218a8c
06-09	Loss to Lease	16.7224080268	#9b9bd7
06-09	Avg Actual Rent	1379.59866221	#218a8c
09-12	Loss to Lease	83.6120401338	#9b9bd7
09-12	Avg Actual Rent	1362.87625418	#218a8c
12+	Loss to Lease	25.0836120401	#9b9bd7
12+	Avg Actual Rent	1321.07023411	#218a8c