1001 Ross	Budget Variance $	589473.684211	#6eda55
1001 Ross	Budget Variance %	23.2471068446
1485 First Ave	Budget Variance $	21052.6315789	#6eda55
1485 First Ave	Budget Variance %	0.330810078395
1485 First Ave- Retail	Budget Variance $	21052.6315789	#6eda55
1485 First Ave- Retail	Budget Variance %	10.2188903916
15Fifty5	Budget Variance $	-189473.684211	#fc7570
15Fifty5	Budget Variance %	-5.89531464856
15Fifty5 - Retail	Budget Variance $	-84210.5263158	#fc7570
15Fifty5 - Retail	Budget Variance %	-21.4090185614
162 E 61st Street	Budget Variance $	21052.6315789	#6eda55
162 E 61st Street	Budget Variance %	2.14840657122
1665 First Ave	Budget Variance $	0.0	#fc7570
1665 First Ave	Budget Variance %	-5.63093548821
1665 First Ave- Retail	Budget Variance $	42105.2631579	#6eda55
1665 First Ave- Retail	Budget Variance %	17.0722197887
221 E 82nd Street	Budget Variance $	21052.6315789	#6eda55
221 E 82nd Street	Budget Variance %	2.59019513868
228 E 81st Street	Budget Variance $	-21052.6315789	#fc7570
228 E 81st Street	Budget Variance %	-4.18003316189
244 E 75th Street	Budget Variance $	0.0	#fc7570
244 E 75th Street	Budget Variance %	-2.12021769942
250 W 19th St Retail	Budget Variance $	63157.8947368	#6eda55
250 W 19th St Retail	Budget Variance %	9.293038732
250 W 19th Street	Budget Variance $	-400000.0	#fc7570
250 W 19th Street	Budget Variance %	-5.94649640061
266 E 78th Street	Budget Variance $	-21052.6315789	#fc7570
266 E 78th Street	Budget Variance %	-3.00616597462
266 E 78th Street- Retail	Budget Variance $	42105.2631579	#6eda55
266 E 78th Street- Retail	Budget Variance %	11.5022055829
309 W 30th St	Budget Variance $	-147368.421053	#fc7570
309 W 30th St	Budget Variance %	-11.0192917023
31 E 31st St Retail	Budget Variance $	42105.2631579	#6eda55
31 E 31st St Retail	Budget Variance %	11.1649063778
312 E 30th St Retail	Budget Variance $	84210.5263158	#6eda55
312 E 30th St Retail	Budget Variance %	155.172271735
312 E 85th Street	Budget Variance $	42105.2631579	#6eda55
312 E 85th Street	Budget Variance %	3.3684830247
33 North	Budget Variance $	-168421.052632	#fc7570
33 North	Budget Variance %	-5.67180533491
337 W 30th Street	Budget Variance $	-63157.8947368	#fc7570
337 W 30th Street	Budget Variance %	-7.65276102438
341 E 62nd Street	Budget Variance $	-105263.157895	#fc7570
341 E 62nd Street	Budget Variance %	-17.5286714992
343 E 76th Street	Budget Variance $	-42105.2631579	#fc7570
343 E 76th Street	Budget Variance %	-8.87458118597
344 E 63rd St Retail	Budget Variance $	63157.8947368	#6eda55
344 E 63rd St Retail	Budget Variance %	12.2516923427
344 E 63rd Street	Budget Variance $	-210526.315789	#fc7570
344 E 63rd Street	Budget Variance %	-8.80464722302
345 W 30th Street	Budget Variance $	21052.6315789	#6eda55
345 W 30th Street	Budget Variance %	0.343201299592
402 E 83rd Street	Budget Variance $	21052.6315789	#6eda55
402 E 83rd Street	Budget Variance %	0.239810810116
417 East 83rd Street	Budget Variance $	-21052.6315789	#fc7570
417 East 83rd Street	Budget Variance %	-5.40361734238
425 E 84th Street	Budget Variance $	0.0	#fc7570
425 E 84th Street	Budget Variance %	-4.3119418891